register commands/hook
[[0,0.0,0.0],true]
table_create Entries TABLE_HASH_KEY ShortText
[[0,0.0,0.0],true]
column_create Entries title COLUMN_SCALAR ShortText
[[0,0.0,0.0],true]
column_create Entries content COLUMN_SCALAR ShortText
[[0,0.0,0.0],true]
table_create Tokens TABLE_PAT_KEY ShortText --default_tokenizer TokenBigram
[[0,0.0,0.0],true]
column_create Tokens entries_title COLUMN_INDEX|WITH_POSITION Entries title
[[0,0.0,0.0],true]
column_create Tokens entries_content COLUMN_INDEX|WITH_POSITION Entries content
[[0,0.0,0.0],true]
load --table Entries
[
{"_key": "mroonga", "title": "groonga and MySQL", "content": "groonga + MySQL = mroonga."}
]
[[0,0.0,0.0],1]
hook_status --table Entries --column title
[[0,0.0,0.0],[1,["(nil)"]]]
hook_delete --table Entries --column title
[[0,0.0,0.0],0]
